

when app running in docker to access the app http://0.0.0.0:8002/ping

run tests on containers

docker-compose exec web python -m pytest


docker-compose exec web-db psql -U postgres

docker-compose exec web python app/db.py

select tests

docker-compose exec web python -m pytest -k ping

# normal run
$ docker-compose exec web python -m pytest

# disable warnings
$ docker-compose exec web python -m pytest -p no:warnings

# run only the last failed tests
$ docker-compose exec web python -m pytest --lf

# run only the tests with names that match the string expression
$ docker-compose exec web python -m pytest -k "summary and not test_read_summary"

# stop the test session after the first failure
$ docker-compose exec web python -m pytest -x

# enter PDB after first failure then end the test session
$ docker-compose exec web python -m pytest -x --pdb

# stop the test run after two failures
$ docker-compose exec web python -m pytest --maxfail=2

# show local variables in tracebacks
$ docker-compose exec web python -m pytest -l

# list the 2 slowest tests
$ docker-compose exec web python -m pytest --durations=2

####### test coverage

docker-compose exec web python -m pytest --cov="."

#### Quality

docker-compose exec web flake8 .

docker-compose up -d --build
docker-compose exec web black . --check

docker-compose exec web /bin/sh -c "isort ./**/*.py --check-only"
docker-compose exec web /bin/sh -c "isort ./**/*.py --diff"


docker build -f project/Dockerfile.prod -t docker.pkg.github.com/pedrojunqueira/fastapi-tdd/web:latest ./project

docker login docker.pkg.github.com -u <USERNAME> -p <TOKEN


