

when app running in docker to access the app http://0.0.0.0:8002/ping

run tests on containers

docker-compose exec web python -m pytest


docker-compose exec web-db psql -U postgres

docker-compose exec web python app/db.py

select tests

docker-compose exec web python -m pytest -k ping

# normal run
$ docker-compose exec web python -m pytest

# disable warnings
$ docker-compose exec web python -m pytest -p no:warnings

# run only the last failed tests
$ docker-compose exec web python -m pytest --lf

# run only the tests with names that match the string expression
$ docker-compose exec web python -m pytest -k "summary and not test_read_summary"

# stop the test session after the first failure
$ docker-compose exec web python -m pytest -x

# enter PDB after first failure then end the test session
$ docker-compose exec web python -m pytest -x --pdb

# stop the test run after two failures
$ docker-compose exec web python -m pytest --maxfail=2

# show local variables in tracebacks
$ docker-compose exec web python -m pytest -l

# list the 2 slowest tests
$ docker-compose exec web python -m pytest --durations=2


